// Jest Snapshot v1, https://goo.gl/fbAQLP

exports[`Content should render correctly 1`] = `
<main
  class="ant-layout-content"
>
  Content
</main>
`;
