// Jest Snapshot v1, https://goo.gl/fbAQLP

exports[`Header should render correctly 1`] = `
<header
  class="ant-layout-header"
  style="height: 64px; line-height: 64px;"
>
  Header
</header>
`;
